[handleMsg]:  {
  key: {
    remoteJid: '573187847528@s.whatsapp.net',
    fromMe: false,
    id: '19A043415855A72747378D2A5B47FF2C',
    participant: undefined
  },
  messageTimestamp: 1740360225,
  pushName: 'Santix',
  broadcast: false,
  message: Message {
    conversation: 'Hola',
    messageContextInfo: MessageContextInfo {
      deviceListMetadata: [DeviceListMetadata],
      deviceListMetadataVersion: 2,
      messageSecret: [Uint8Array]
    }
  },
  body: 'Hola',
  from: '573187847528'
}
[QUEUE_SE_ENVIO]:  {
  ref: 'ans_9c824252-6302-43ef-9788-018c76b2078e',
  keyword: 'key_4af4586c-6090-42e0-9aa5-23a0192cfff1',
  answer: '.',
  options: {
    media: null,
    buttons: [],
    capture: false,
    child: null,
    delay: 100,
    idle: null,
    ref: null,
    nested: [],
    keyword: {},
    callback: true
  },
  refSerialize: 'a5d3f9e33f0cb7a1d5170abb134e4e7f'
}
